The system is: Linux - 6.6.78-generic-2rosa2021.1-x86_64 - x86_64
Compiling the C compiler identification source file "CMakeCCompilerId.c" succeeded.
Compiler: /usr/bin/gcc 
Build flags: 
Id flags:  

The output was:
0


Compilation of the C compiler identification source "CMakeCCompilerId.c" produced "a.out"

The C compiler identification is GNU, found in "/home/Artem/vscode/samotlor-quest-tgbot/build/CMakeFiles/3.21.3/CompilerIdC/a.out"

Compiling the CXX compiler identification source file "CMakeCXXCompilerId.cpp" succeeded.
Compiler: /usr/bin/g++ 
Build flags: 
Id flags:  

The output was:
0


Compilation of the CXX compiler identification source "CMakeCXXCompilerId.cpp" produced "a.out"

The CXX compiler identification is GNU, found in "/home/Artem/vscode/samotlor-quest-tgbot/build/CMakeFiles/3.21.3/CompilerIdCXX/a.out"

Detecting C compiler ABI info compiled with the following output:
Change Dir: /home/Artem/vscode/samotlor-quest-tgbot/build/CMakeFiles/CMakeTmp

Run Build Command(s):/usr/bin/ninja cmTC_88f27 && [1/2] Building C object CMakeFiles/cmTC_88f27.dir/CMakeCCompilerABI.c.o
Using built-in specs.
COLLECT_GCC=/usr/bin/gcc
Target: x86_64-rosa-linux-gnu
Configured with: ../configure --prefix=/usr --libexecdir=/usr/libexec --libdir=/usr/lib64 --with-slibdir=/lib64 --mandir=/usr/share/man --infodir=/usr/share/info --disable-isl-version-check --disable-libssp --disable-werror --enable-__cxa_atexit --enable-gold=default --with-plugin-ld=/usr/bin/x86_64-rosa-linux-gnu-ld --enable-bootstrap --enable-checking=release --enable-gnu-unique-object --with-default-libstdcxx-abi=gcc4-compatible --enable-gnu-indirect-function --with-linker-hash-style=gnu --enable-languages=c,ada,c++,d,fortran,go,lto,objc,obj-c++ --enable-linker-build-id --enable-plugin --enable-shared --enable-libcc1 --enable-lto --enable-libatomic --enable-threads=posix --enable-shared --enable-static --with-system-zlib --with-bugurl=http://bugzilla.rosalinux.ru --host=x86_64-rosa-linux-gnu --build=x86_64-rosa-linux-gnu --with-cpu=generic --with-arch_32=i686 --with-multilib-list=m32,m64,mx32 --with-multilib-list=m64,m32
Thread model: posix
Supported LTO compression algorithms: zlib
gcc version 11.4.0 20230528 (ROSA) (GCC) 
COLLECT_GCC_OPTIONS='-v' '-o' 'CMakeFiles/cmTC_88f27.dir/CMakeCCompilerABI.c.o' '-c' '-mtune=generic' '-march=x86-64' '-dumpdir' 'CMakeFiles/cmTC_88f27.dir/'
 /usr/libexec/gcc/x86_64-rosa-linux-gnu/11.4.0/cc1 -quiet -v /usr/share/cmake/Modules/CMakeCCompilerABI.c -quiet -dumpdir CMakeFiles/cmTC_88f27.dir/ -dumpbase CMakeCCompilerABI.c.c -dumpbase-ext .c -mtune=generic -march=x86-64 -version -o /tmp/ccOsvWKZ.s
GNU C17 (GCC) version 11.4.0 20230528 (ROSA) (x86_64-rosa-linux-gnu)
	compiled by GNU C version 11.4.0 20230528 (ROSA), GMP version 6.2.1, MPFR version 4.1.0-p13, MPC version 1.3.1, isl version isl-0.24-GMP

GGC heuristics: --param ggc-min-expand=100 --param ggc-min-heapsize=131072
ignoring nonexistent directory "/usr/lib64/gcc/x86_64-rosa-linux-gnu/11.4.0/include-fixed"
ignoring nonexistent directory "/usr/lib64/gcc/x86_64-rosa-linux-gnu/11.4.0/../../../../x86_64-rosa-linux-gnu/include"
#include "..." search starts here:
#include <...> search starts here:
 /usr/lib64/gcc/x86_64-rosa-linux-gnu/11.4.0/include
 /usr/local/include
 /usr/include
End of search list.
GNU C17 (GCC) version 11.4.0 20230528 (ROSA) (x86_64-rosa-linux-gnu)
	compiled by GNU C version 11.4.0 20230528 (ROSA), GMP version 6.2.1, MPFR version 4.1.0-p13, MPC version 1.3.1, isl version isl-0.24-GMP

GGC heuristics: --param ggc-min-expand=100 --param ggc-min-heapsize=131072
Compiler executable checksum: 2c0e1883e7503ae9a395ed159f3b1572
COLLECT_GCC_OPTIONS='-v' '-o' 'CMakeFiles/cmTC_88f27.dir/CMakeCCompilerABI.c.o' '-c' '-mtune=generic' '-march=x86-64' '-dumpdir' 'CMakeFiles/cmTC_88f27.dir/'
 /usr/lib64/gcc/x86_64-rosa-linux-gnu/11.4.0/../../../../x86_64-rosa-linux-gnu/bin/as -v --64 -o CMakeFiles/cmTC_88f27.dir/CMakeCCompilerABI.c.o /tmp/ccOsvWKZ.s
GNU assembler version 2.38 (x86_64-rosa-linux-gnu) using BFD version (GNU Binutils) 2.38
COMPILER_PATH=/usr/libexec/gcc/x86_64-rosa-linux-gnu/11.4.0/:/usr/libexec/gcc/x86_64-rosa-linux-gnu/11.4.0/:/usr/libexec/gcc/x86_64-rosa-linux-gnu/:/usr/lib64/gcc/x86_64-rosa-linux-gnu/11.4.0/:/usr/lib64/gcc/x86_64-rosa-linux-gnu/:/usr/lib64/gcc/x86_64-rosa-linux-gnu/11.4.0/../../../../x86_64-rosa-linux-gnu/bin/
LIBRARY_PATH=/usr/lib64/gcc/x86_64-rosa-linux-gnu/11.4.0/:/usr/lib64/gcc/x86_64-rosa-linux-gnu/11.4.0/../../../../lib64/:/lib/../lib64/:/usr/lib/../lib64/:/usr/lib64/gcc/x86_64-rosa-linux-gnu/11.4.0/../../../../x86_64-rosa-linux-gnu/lib/:/usr/lib64/gcc/x86_64-rosa-linux-gnu/11.4.0/../../../:/lib/:/usr/lib/
COLLECT_GCC_OPTIONS='-v' '-o' 'CMakeFiles/cmTC_88f27.dir/CMakeCCompilerABI.c.o' '-c' '-mtune=generic' '-march=x86-64' '-dumpdir' 'CMakeFiles/cmTC_88f27.dir/CMakeCCompilerABI.c.'
[2/2] Linking C executable cmTC_88f27
Using built-in specs.
COLLECT_GCC=/usr/bin/gcc
COLLECT_LTO_WRAPPER=/usr/libexec/gcc/x86_64-rosa-linux-gnu/11.4.0/lto-wrapper
Target: x86_64-rosa-linux-gnu
Configured with: ../configure --prefix=/usr --libexecdir=/usr/libexec --libdir=/usr/lib64 --with-slibdir=/lib64 --mandir=/usr/share/man --infodir=/usr/share/info --disable-isl-version-check --disable-libssp --disable-werror --enable-__cxa_atexit --enable-gold=default --with-plugin-ld=/usr/bin/x86_64-rosa-linux-gnu-ld --enable-bootstrap --enable-checking=release --enable-gnu-unique-object --with-default-libstdcxx-abi=gcc4-compatible --enable-gnu-indirect-function --with-linker-hash-style=gnu --enable-languages=c,ada,c++,d,fortran,go,lto,objc,obj-c++ --enable-linker-build-id --enable-plugin --enable-shared --enable-libcc1 --enable-lto --enable-libatomic --enable-threads=posix --enable-shared --enable-static --with-system-zlib --with-bugurl=http://bugzilla.rosalinux.ru --host=x86_64-rosa-linux-gnu --build=x86_64-rosa-linux-gnu --with-cpu=generic --with-arch_32=i686 --with-multilib-list=m32,m64,mx32 --with-multilib-list=m64,m32
Thread model: posix
Supported LTO compression algorithms: zlib
gcc version 11.4.0 20230528 (ROSA) (GCC) 
COMPILER_PATH=/usr/libexec/gcc/x86_64-rosa-linux-gnu/11.4.0/:/usr/libexec/gcc/x86_64-rosa-linux-gnu/11.4.0/:/usr/libexec/gcc/x86_64-rosa-linux-gnu/:/usr/lib64/gcc/x86_64-rosa-linux-gnu/11.4.0/:/usr/lib64/gcc/x86_64-rosa-linux-gnu/:/usr/lib64/gcc/x86_64-rosa-linux-gnu/11.4.0/../../../../x86_64-rosa-linux-gnu/bin/
LIBRARY_PATH=/usr/lib64/gcc/x86_64-rosa-linux-gnu/11.4.0/:/usr/lib64/gcc/x86_64-rosa-linux-gnu/11.4.0/../../../../lib64/:/lib/../lib64/:/usr/lib/../lib64/:/usr/lib64/gcc/x86_64-rosa-linux-gnu/11.4.0/../../../../x86_64-rosa-linux-gnu/lib/:/usr/lib64/gcc/x86_64-rosa-linux-gnu/11.4.0/../../../:/lib/:/usr/lib/
COLLECT_GCC_OPTIONS='-v' '-rdynamic' '-o' 'cmTC_88f27' '-mtune=generic' '-march=x86-64' '-dumpdir' 'cmTC_88f27.'
 /usr/libexec/gcc/x86_64-rosa-linux-gnu/11.4.0/collect2 -plugin /usr/libexec/gcc/x86_64-rosa-linux-gnu/11.4.0/liblto_plugin.so -plugin-opt=/usr/libexec/gcc/x86_64-rosa-linux-gnu/11.4.0/lto-wrapper -plugin-opt=-fresolution=/tmp/ccQ42k4O.res -plugin-opt=-pass-through=-lgcc -plugin-opt=-pass-through=-lgcc_s -plugin-opt=-pass-through=-lc -plugin-opt=-pass-through=-lgcc -plugin-opt=-pass-through=-lgcc_s --build-id --eh-frame-hdr --hash-style=gnu -m elf_x86_64 -export-dynamic -dynamic-linker /lib64/ld-linux-x86-64.so.2 -o cmTC_88f27 /usr/lib64/gcc/x86_64-rosa-linux-gnu/11.4.0/../../../../lib64/crt1.o /usr/lib64/gcc/x86_64-rosa-linux-gnu/11.4.0/../../../../lib64/crti.o /usr/lib64/gcc/x86_64-rosa-linux-gnu/11.4.0/crtbegin.o -L/usr/lib64/gcc/x86_64-rosa-linux-gnu/11.4.0 -L/usr/lib64/gcc/x86_64-rosa-linux-gnu/11.4.0/../../../../lib64 -L/lib/../lib64 -L/usr/lib/../lib64 -L/usr/lib64/gcc/x86_64-rosa-linux-gnu/11.4.0/../../../../x86_64-rosa-linux-gnu/lib -L/usr/lib64/gcc/x86_64-rosa-linux-gnu/11.4.0/../../.. CMakeFiles/cmTC_88f27.dir/CMakeCCompilerABI.c.o -lgcc --push-state --as-needed -lgcc_s --pop-state -lc -lgcc --push-state --as-needed -lgcc_s --pop-state /usr/lib64/gcc/x86_64-rosa-linux-gnu/11.4.0/crtend.o /usr/lib64/gcc/x86_64-rosa-linux-gnu/11.4.0/../../../../lib64/crtn.o
COLLECT_GCC_OPTIONS='-v' '-rdynamic' '-o' 'cmTC_88f27' '-mtune=generic' '-march=x86-64' '-dumpdir' 'cmTC_88f27.'



Parsed C implicit include dir info from above output: rv=done
  found start of include info
  found start of implicit include info
    add: [/usr/lib64/gcc/x86_64-rosa-linux-gnu/11.4.0/include]
    add: [/usr/local/include]
    add: [/usr/include]
  end of search list found
  collapse include dir [/usr/lib64/gcc/x86_64-rosa-linux-gnu/11.4.0/include] ==> [/usr/lib64/gcc/x86_64-rosa-linux-gnu/11.4.0/include]
  collapse include dir [/usr/local/include] ==> [/usr/local/include]
  collapse include dir [/usr/include] ==> [/usr/include]
  implicit include dirs: [/usr/lib64/gcc/x86_64-rosa-linux-gnu/11.4.0/include;/usr/local/include;/usr/include]


Parsed C implicit link information from above output:
  link line regex: [^( *|.*[/\])(ld|CMAKE_LINK_STARTFILE-NOTFOUND|([^/\]+-)?ld|collect2)[^/\]*( |$)]
  ignore line: [Change Dir: /home/Artem/vscode/samotlor-quest-tgbot/build/CMakeFiles/CMakeTmp]
  ignore line: []
  ignore line: [Run Build Command(s):/usr/bin/ninja cmTC_88f27 && [1/2] Building C object CMakeFiles/cmTC_88f27.dir/CMakeCCompilerABI.c.o]
  ignore line: [Using built-in specs.]
  ignore line: [COLLECT_GCC=/usr/bin/gcc]
  ignore line: [Target: x86_64-rosa-linux-gnu]
  ignore line: [Configured with: ../configure --prefix=/usr --libexecdir=/usr/libexec --libdir=/usr/lib64 --with-slibdir=/lib64 --mandir=/usr/share/man --infodir=/usr/share/info --disable-isl-version-check --disable-libssp --disable-werror --enable-__cxa_atexit --enable-gold=default --with-plugin-ld=/usr/bin/x86_64-rosa-linux-gnu-ld --enable-bootstrap --enable-checking=release --enable-gnu-unique-object --with-default-libstdcxx-abi=gcc4-compatible --enable-gnu-indirect-function --with-linker-hash-style=gnu --enable-languages=c,ada,c++,d,fortran,go,lto,objc,obj-c++ --enable-linker-build-id --enable-plugin --enable-shared --enable-libcc1 --enable-lto --enable-libatomic --enable-threads=posix --enable-shared --enable-static --with-system-zlib --with-bugurl=http://bugzilla.rosalinux.ru --host=x86_64-rosa-linux-gnu --build=x86_64-rosa-linux-gnu --with-cpu=generic --with-arch_32=i686 --with-multilib-list=m32,m64,mx32 --with-multilib-list=m64,m32]
  ignore line: [Thread model: posix]
  ignore line: [Supported LTO compression algorithms: zlib]
  ignore line: [gcc version 11.4.0 20230528 (ROSA) (GCC) ]
  ignore line: [COLLECT_GCC_OPTIONS='-v' '-o' 'CMakeFiles/cmTC_88f27.dir/CMakeCCompilerABI.c.o' '-c' '-mtune=generic' '-march=x86-64' '-dumpdir' 'CMakeFiles/cmTC_88f27.dir/']
  ignore line: [ /usr/libexec/gcc/x86_64-rosa-linux-gnu/11.4.0/cc1 -quiet -v /usr/share/cmake/Modules/CMakeCCompilerABI.c -quiet -dumpdir CMakeFiles/cmTC_88f27.dir/ -dumpbase CMakeCCompilerABI.c.c -dumpbase-ext .c -mtune=generic -march=x86-64 -version -o /tmp/ccOsvWKZ.s]
  ignore line: [GNU C17 (GCC) version 11.4.0 20230528 (ROSA) (x86_64-rosa-linux-gnu)]
  ignore line: [	compiled by GNU C version 11.4.0 20230528 (ROSA)  GMP version 6.2.1  MPFR version 4.1.0-p13  MPC version 1.3.1  isl version isl-0.24-GMP]
  ignore line: []
  ignore line: [GGC heuristics: --param ggc-min-expand=100 --param ggc-min-heapsize=131072]
  ignore line: [ignoring nonexistent directory "/usr/lib64/gcc/x86_64-rosa-linux-gnu/11.4.0/include-fixed"]
  ignore line: [ignoring nonexistent directory "/usr/lib64/gcc/x86_64-rosa-linux-gnu/11.4.0/../../../../x86_64-rosa-linux-gnu/include"]
  ignore line: [#include "..." search starts here:]
  ignore line: [#include <...> search starts here:]
  ignore line: [ /usr/lib64/gcc/x86_64-rosa-linux-gnu/11.4.0/include]
  ignore line: [ /usr/local/include]
  ignore line: [ /usr/include]
  ignore line: [End of search list.]
  ignore line: [GNU C17 (GCC) version 11.4.0 20230528 (ROSA) (x86_64-rosa-linux-gnu)]
  ignore line: [	compiled by GNU C version 11.4.0 20230528 (ROSA)  GMP version 6.2.1  MPFR version 4.1.0-p13  MPC version 1.3.1  isl version isl-0.24-GMP]
  ignore line: []
  ignore line: [GGC heuristics: --param ggc-min-expand=100 --param ggc-min-heapsize=131072]
  ignore line: [Compiler executable checksum: 2c0e1883e7503ae9a395ed159f3b1572]
  ignore line: [COLLECT_GCC_OPTIONS='-v' '-o' 'CMakeFiles/cmTC_88f27.dir/CMakeCCompilerABI.c.o' '-c' '-mtune=generic' '-march=x86-64' '-dumpdir' 'CMakeFiles/cmTC_88f27.dir/']
  ignore line: [ /usr/lib64/gcc/x86_64-rosa-linux-gnu/11.4.0/../../../../x86_64-rosa-linux-gnu/bin/as -v --64 -o CMakeFiles/cmTC_88f27.dir/CMakeCCompilerABI.c.o /tmp/ccOsvWKZ.s]
  ignore line: [GNU assembler version 2.38 (x86_64-rosa-linux-gnu) using BFD version (GNU Binutils) 2.38]
  ignore line: [COMPILER_PATH=/usr/libexec/gcc/x86_64-rosa-linux-gnu/11.4.0/:/usr/libexec/gcc/x86_64-rosa-linux-gnu/11.4.0/:/usr/libexec/gcc/x86_64-rosa-linux-gnu/:/usr/lib64/gcc/x86_64-rosa-linux-gnu/11.4.0/:/usr/lib64/gcc/x86_64-rosa-linux-gnu/:/usr/lib64/gcc/x86_64-rosa-linux-gnu/11.4.0/../../../../x86_64-rosa-linux-gnu/bin/]
  ignore line: [LIBRARY_PATH=/usr/lib64/gcc/x86_64-rosa-linux-gnu/11.4.0/:/usr/lib64/gcc/x86_64-rosa-linux-gnu/11.4.0/../../../../lib64/:/lib/../lib64/:/usr/lib/../lib64/:/usr/lib64/gcc/x86_64-rosa-linux-gnu/11.4.0/../../../../x86_64-rosa-linux-gnu/lib/:/usr/lib64/gcc/x86_64-rosa-linux-gnu/11.4.0/../../../:/lib/:/usr/lib/]
  ignore line: [COLLECT_GCC_OPTIONS='-v' '-o' 'CMakeFiles/cmTC_88f27.dir/CMakeCCompilerABI.c.o' '-c' '-mtune=generic' '-march=x86-64' '-dumpdir' 'CMakeFiles/cmTC_88f27.dir/CMakeCCompilerABI.c.']
  ignore line: [[2/2] Linking C executable cmTC_88f27]
  ignore line: [Using built-in specs.]
  ignore line: [COLLECT_GCC=/usr/bin/gcc]
  ignore line: [COLLECT_LTO_WRAPPER=/usr/libexec/gcc/x86_64-rosa-linux-gnu/11.4.0/lto-wrapper]
  ignore line: [Target: x86_64-rosa-linux-gnu]
  ignore line: [Configured with: ../configure --prefix=/usr --libexecdir=/usr/libexec --libdir=/usr/lib64 --with-slibdir=/lib64 --mandir=/usr/share/man --infodir=/usr/share/info --disable-isl-version-check --disable-libssp --disable-werror --enable-__cxa_atexit --enable-gold=default --with-plugin-ld=/usr/bin/x86_64-rosa-linux-gnu-ld --enable-bootstrap --enable-checking=release --enable-gnu-unique-object --with-default-libstdcxx-abi=gcc4-compatible --enable-gnu-indirect-function --with-linker-hash-style=gnu --enable-languages=c,ada,c++,d,fortran,go,lto,objc,obj-c++ --enable-linker-build-id --enable-plugin --enable-shared --enable-libcc1 --enable-lto --enable-libatomic --enable-threads=posix --enable-shared --enable-static --with-system-zlib --with-bugurl=http://bugzilla.rosalinux.ru --host=x86_64-rosa-linux-gnu --build=x86_64-rosa-linux-gnu --with-cpu=generic --with-arch_32=i686 --with-multilib-list=m32,m64,mx32 --with-multilib-list=m64,m32]
  ignore line: [Thread model: posix]
  ignore line: [Supported LTO compression algorithms: zlib]
  ignore line: [gcc version 11.4.0 20230528 (ROSA) (GCC) ]
  ignore line: [COMPILER_PATH=/usr/libexec/gcc/x86_64-rosa-linux-gnu/11.4.0/:/usr/libexec/gcc/x86_64-rosa-linux-gnu/11.4.0/:/usr/libexec/gcc/x86_64-rosa-linux-gnu/:/usr/lib64/gcc/x86_64-rosa-linux-gnu/11.4.0/:/usr/lib64/gcc/x86_64-rosa-linux-gnu/:/usr/lib64/gcc/x86_64-rosa-linux-gnu/11.4.0/../../../../x86_64-rosa-linux-gnu/bin/]
  ignore line: [LIBRARY_PATH=/usr/lib64/gcc/x86_64-rosa-linux-gnu/11.4.0/:/usr/lib64/gcc/x86_64-rosa-linux-gnu/11.4.0/../../../../lib64/:/lib/../lib64/:/usr/lib/../lib64/:/usr/lib64/gcc/x86_64-rosa-linux-gnu/11.4.0/../../../../x86_64-rosa-linux-gnu/lib/:/usr/lib64/gcc/x86_64-rosa-linux-gnu/11.4.0/../../../:/lib/:/usr/lib/]
  ignore line: [COLLECT_GCC_OPTIONS='-v' '-rdynamic' '-o' 'cmTC_88f27' '-mtune=generic' '-march=x86-64' '-dumpdir' 'cmTC_88f27.']
  link line: [ /usr/libexec/gcc/x86_64-rosa-linux-gnu/11.4.0/collect2 -plugin /usr/libexec/gcc/x86_64-rosa-linux-gnu/11.4.0/liblto_plugin.so -plugin-opt=/usr/libexec/gcc/x86_64-rosa-linux-gnu/11.4.0/lto-wrapper -plugin-opt=-fresolution=/tmp/ccQ42k4O.res -plugin-opt=-pass-through=-lgcc -plugin-opt=-pass-through=-lgcc_s -plugin-opt=-pass-through=-lc -plugin-opt=-pass-through=-lgcc -plugin-opt=-pass-through=-lgcc_s --build-id --eh-frame-hdr --hash-style=gnu -m elf_x86_64 -export-dynamic -dynamic-linker /lib64/ld-linux-x86-64.so.2 -o cmTC_88f27 /usr/lib64/gcc/x86_64-rosa-linux-gnu/11.4.0/../../../../lib64/crt1.o /usr/lib64/gcc/x86_64-rosa-linux-gnu/11.4.0/../../../../lib64/crti.o /usr/lib64/gcc/x86_64-rosa-linux-gnu/11.4.0/crtbegin.o -L/usr/lib64/gcc/x86_64-rosa-linux-gnu/11.4.0 -L/usr/lib64/gcc/x86_64-rosa-linux-gnu/11.4.0/../../../../lib64 -L/lib/../lib64 -L/usr/lib/../lib64 -L/usr/lib64/gcc/x86_64-rosa-linux-gnu/11.4.0/../../../../x86_64-rosa-linux-gnu/lib -L/usr/lib64/gcc/x86_64-rosa-linux-gnu/11.4.0/../../.. CMakeFiles/cmTC_88f27.dir/CMakeCCompilerABI.c.o -lgcc --push-state --as-needed -lgcc_s --pop-state -lc -lgcc --push-state --as-needed -lgcc_s --pop-state /usr/lib64/gcc/x86_64-rosa-linux-gnu/11.4.0/crtend.o /usr/lib64/gcc/x86_64-rosa-linux-gnu/11.4.0/../../../../lib64/crtn.o]
    arg [/usr/libexec/gcc/x86_64-rosa-linux-gnu/11.4.0/collect2] ==> ignore
    arg [-plugin] ==> ignore
    arg [/usr/libexec/gcc/x86_64-rosa-linux-gnu/11.4.0/liblto_plugin.so] ==> ignore
    arg [-plugin-opt=/usr/libexec/gcc/x86_64-rosa-linux-gnu/11.4.0/lto-wrapper] ==> ignore
    arg [-plugin-opt=-fresolution=/tmp/ccQ42k4O.res] ==> ignore
    arg [-plugin-opt=-pass-through=-lgcc] ==> ignore
    arg [-plugin-opt=-pass-through=-lgcc_s] ==> ignore
    arg [-plugin-opt=-pass-through=-lc] ==> ignore
    arg [-plugin-opt=-pass-through=-lgcc] ==> ignore
    arg [-plugin-opt=-pass-through=-lgcc_s] ==> ignore
    arg [--build-id] ==> ignore
    arg [--eh-frame-hdr] ==> ignore
    arg [--hash-style=gnu] ==> ignore
    arg [-m] ==> ignore
    arg [elf_x86_64] ==> ignore
    arg [-export-dynamic] ==> ignore
    arg [-dynamic-linker] ==> ignore
    arg [/lib64/ld-linux-x86-64.so.2] ==> ignore
    arg [-o] ==> ignore
    arg [cmTC_88f27] ==> ignore
    arg [/usr/lib64/gcc/x86_64-rosa-linux-gnu/11.4.0/../../../../lib64/crt1.o] ==> obj [/usr/lib64/gcc/x86_64-rosa-linux-gnu/11.4.0/../../../../lib64/crt1.o]
    arg [/usr/lib64/gcc/x86_64-rosa-linux-gnu/11.4.0/../../../../lib64/crti.o] ==> obj [/usr/lib64/gcc/x86_64-rosa-linux-gnu/11.4.0/../../../../lib64/crti.o]
    arg [/usr/lib64/gcc/x86_64-rosa-linux-gnu/11.4.0/crtbegin.o] ==> obj [/usr/lib64/gcc/x86_64-rosa-linux-gnu/11.4.0/crtbegin.o]
    arg [-L/usr/lib64/gcc/x86_64-rosa-linux-gnu/11.4.0] ==> dir [/usr/lib64/gcc/x86_64-rosa-linux-gnu/11.4.0]
    arg [-L/usr/lib64/gcc/x86_64-rosa-linux-gnu/11.4.0/../../../../lib64] ==> dir [/usr/lib64/gcc/x86_64-rosa-linux-gnu/11.4.0/../../../../lib64]
    arg [-L/lib/../lib64] ==> dir [/lib/../lib64]
    arg [-L/usr/lib/../lib64] ==> dir [/usr/lib/../lib64]
    arg [-L/usr/lib64/gcc/x86_64-rosa-linux-gnu/11.4.0/../../../../x86_64-rosa-linux-gnu/lib] ==> dir [/usr/lib64/gcc/x86_64-rosa-linux-gnu/11.4.0/../../../../x86_64-rosa-linux-gnu/lib]
    arg [-L/usr/lib64/gcc/x86_64-rosa-linux-gnu/11.4.0/../../..] ==> dir [/usr/lib64/gcc/x86_64-rosa-linux-gnu/11.4.0/../../..]
    arg [CMakeFiles/cmTC_88f27.dir/CMakeCCompilerABI.c.o] ==> ignore
    arg [-lgcc] ==> lib [gcc]
    arg [--push-state] ==> ignore
    arg [--as-needed] ==> ignore
    arg [-lgcc_s] ==> lib [gcc_s]
    arg [--pop-state] ==> ignore
    arg [-lc] ==> lib [c]
    arg [-lgcc] ==> lib [gcc]
    arg [--push-state] ==> ignore
    arg [--as-needed] ==> ignore
    arg [-lgcc_s] ==> lib [gcc_s]
    arg [--pop-state] ==> ignore
    arg [/usr/lib64/gcc/x86_64-rosa-linux-gnu/11.4.0/crtend.o] ==> obj [/usr/lib64/gcc/x86_64-rosa-linux-gnu/11.4.0/crtend.o]
    arg [/usr/lib64/gcc/x86_64-rosa-linux-gnu/11.4.0/../../../../lib64/crtn.o] ==> obj [/usr/lib64/gcc/x86_64-rosa-linux-gnu/11.4.0/../../../../lib64/crtn.o]
  collapse obj [/usr/lib64/gcc/x86_64-rosa-linux-gnu/11.4.0/../../../../lib64/crt1.o] ==> [/usr/lib64/crt1.o]
  collapse obj [/usr/lib64/gcc/x86_64-rosa-linux-gnu/11.4.0/../../../../lib64/crti.o] ==> [/usr/lib64/crti.o]
  collapse obj [/usr/lib64/gcc/x86_64-rosa-linux-gnu/11.4.0/../../../../lib64/crtn.o] ==> [/usr/lib64/crtn.o]
  collapse library dir [/usr/lib64/gcc/x86_64-rosa-linux-gnu/11.4.0] ==> [/usr/lib64/gcc/x86_64-rosa-linux-gnu/11.4.0]
  collapse library dir [/usr/lib64/gcc/x86_64-rosa-linux-gnu/11.4.0/../../../../lib64] ==> [/usr/lib64]
  collapse library dir [/lib/../lib64] ==> [/lib64]
  collapse library dir [/usr/lib/../lib64] ==> [/usr/lib64]
  collapse library dir [/usr/lib64/gcc/x86_64-rosa-linux-gnu/11.4.0/../../../../x86_64-rosa-linux-gnu/lib] ==> [/usr/x86_64-rosa-linux-gnu/lib]
  collapse library dir [/usr/lib64/gcc/x86_64-rosa-linux-gnu/11.4.0/../../..] ==> [/usr/lib64]
  implicit libs: [gcc;gcc_s;c;gcc;gcc_s]
  implicit objs: [/usr/lib64/crt1.o;/usr/lib64/crti.o;/usr/lib64/gcc/x86_64-rosa-linux-gnu/11.4.0/crtbegin.o;/usr/lib64/gcc/x86_64-rosa-linux-gnu/11.4.0/crtend.o;/usr/lib64/crtn.o]
  implicit dirs: [/usr/lib64/gcc/x86_64-rosa-linux-gnu/11.4.0;/usr/lib64;/lib64;/usr/x86_64-rosa-linux-gnu/lib]
  implicit fwks: []


Detecting CXX compiler ABI info compiled with the following output:
Change Dir: /home/Artem/vscode/samotlor-quest-tgbot/build/CMakeFiles/CMakeTmp

Run Build Command(s):/usr/bin/ninja cmTC_bfc33 && [1/2] Building CXX object CMakeFiles/cmTC_bfc33.dir/CMakeCXXCompilerABI.cpp.o
Using built-in specs.
COLLECT_GCC=/usr/bin/g++
Target: x86_64-rosa-linux-gnu
Configured with: ../configure --prefix=/usr --libexecdir=/usr/libexec --libdir=/usr/lib64 --with-slibdir=/lib64 --mandir=/usr/share/man --infodir=/usr/share/info --disable-isl-version-check --disable-libssp --disable-werror --enable-__cxa_atexit --enable-gold=default --with-plugin-ld=/usr/bin/x86_64-rosa-linux-gnu-ld --enable-bootstrap --enable-checking=release --enable-gnu-unique-object --with-default-libstdcxx-abi=gcc4-compatible --enable-gnu-indirect-function --with-linker-hash-style=gnu --enable-languages=c,ada,c++,d,fortran,go,lto,objc,obj-c++ --enable-linker-build-id --enable-plugin --enable-shared --enable-libcc1 --enable-lto --enable-libatomic --enable-threads=posix --enable-shared --enable-static --with-system-zlib --with-bugurl=http://bugzilla.rosalinux.ru --host=x86_64-rosa-linux-gnu --build=x86_64-rosa-linux-gnu --with-cpu=generic --with-arch_32=i686 --with-multilib-list=m32,m64,mx32 --with-multilib-list=m64,m32
Thread model: posix
Supported LTO compression algorithms: zlib
gcc version 11.4.0 20230528 (ROSA) (GCC) 
COLLECT_GCC_OPTIONS='-v' '-o' 'CMakeFiles/cmTC_bfc33.dir/CMakeCXXCompilerABI.cpp.o' '-c' '-shared-libgcc' '-mtune=generic' '-march=x86-64' '-dumpdir' 'CMakeFiles/cmTC_bfc33.dir/'
 /usr/libexec/gcc/x86_64-rosa-linux-gnu/11.4.0/cc1plus -quiet -v -D_GNU_SOURCE /usr/share/cmake/Modules/CMakeCXXCompilerABI.cpp -quiet -dumpdir CMakeFiles/cmTC_bfc33.dir/ -dumpbase CMakeCXXCompilerABI.cpp.cpp -dumpbase-ext .cpp -mtune=generic -march=x86-64 -version -o /tmp/ccR7W0OH.s
GNU C++17 (GCC) version 11.4.0 20230528 (ROSA) (x86_64-rosa-linux-gnu)
	compiled by GNU C version 11.4.0 20230528 (ROSA), GMP version 6.2.1, MPFR version 4.1.0-p13, MPC version 1.3.1, isl version isl-0.24-GMP

GGC heuristics: --param ggc-min-expand=100 --param ggc-min-heapsize=131072
ignoring nonexistent directory "/usr/lib64/gcc/x86_64-rosa-linux-gnu/11.4.0/include-fixed"
ignoring nonexistent directory "/usr/lib64/gcc/x86_64-rosa-linux-gnu/11.4.0/../../../../x86_64-rosa-linux-gnu/include"
#include "..." search starts here:
#include <...> search starts here:
 /usr/lib64/gcc/x86_64-rosa-linux-gnu/11.4.0/../../../../include/c++/11.4.0
 /usr/lib64/gcc/x86_64-rosa-linux-gnu/11.4.0/../../../../include/c++/11.4.0/x86_64-rosa-linux-gnu
 /usr/lib64/gcc/x86_64-rosa-linux-gnu/11.4.0/../../../../include/c++/11.4.0/backward
 /usr/lib64/gcc/x86_64-rosa-linux-gnu/11.4.0/include
 /usr/local/include
 /usr/include
End of search list.
GNU C++17 (GCC) version 11.4.0 20230528 (ROSA) (x86_64-rosa-linux-gnu)
	compiled by GNU C version 11.4.0 20230528 (ROSA), GMP version 6.2.1, MPFR version 4.1.0-p13, MPC version 1.3.1, isl version isl-0.24-GMP

GGC heuristics: --param ggc-min-expand=100 --param ggc-min-heapsize=131072
Compiler executable checksum: 5ebb9da6dd6c4e284019ac554ef50a58
COLLECT_GCC_OPTIONS='-v' '-o' 'CMakeFiles/cmTC_bfc33.dir/CMakeCXXCompilerABI.cpp.o' '-c' '-shared-libgcc' '-mtune=generic' '-march=x86-64' '-dumpdir' 'CMakeFiles/cmTC_bfc33.dir/'
 /usr/lib64/gcc/x86_64-rosa-linux-gnu/11.4.0/../../../../x86_64-rosa-linux-gnu/bin/as -v --64 -o CMakeFiles/cmTC_bfc33.dir/CMakeCXXCompilerABI.cpp.o /tmp/ccR7W0OH.s
GNU assembler version 2.38 (x86_64-rosa-linux-gnu) using BFD version (GNU Binutils) 2.38
COMPILER_PATH=/usr/libexec/gcc/x86_64-rosa-linux-gnu/11.4.0/:/usr/libexec/gcc/x86_64-rosa-linux-gnu/11.4.0/:/usr/libexec/gcc/x86_64-rosa-linux-gnu/:/usr/lib64/gcc/x86_64-rosa-linux-gnu/11.4.0/:/usr/lib64/gcc/x86_64-rosa-linux-gnu/:/usr/lib64/gcc/x86_64-rosa-linux-gnu/11.4.0/../../../../x86_64-rosa-linux-gnu/bin/
LIBRARY_PATH=/usr/lib64/gcc/x86_64-rosa-linux-gnu/11.4.0/:/usr/lib64/gcc/x86_64-rosa-linux-gnu/11.4.0/../../../../lib64/:/lib/../lib64/:/usr/lib/../lib64/:/usr/lib64/gcc/x86_64-rosa-linux-gnu/11.4.0/../../../../x86_64-rosa-linux-gnu/lib/:/usr/lib64/gcc/x86_64-rosa-linux-gnu/11.4.0/../../../:/lib/:/usr/lib/
COLLECT_GCC_OPTIONS='-v' '-o' 'CMakeFiles/cmTC_bfc33.dir/CMakeCXXCompilerABI.cpp.o' '-c' '-shared-libgcc' '-mtune=generic' '-march=x86-64' '-dumpdir' 'CMakeFiles/cmTC_bfc33.dir/CMakeCXXCompilerABI.cpp.'
[2/2] Linking CXX executable cmTC_bfc33
Using built-in specs.
COLLECT_GCC=/usr/bin/g++
COLLECT_LTO_WRAPPER=/usr/libexec/gcc/x86_64-rosa-linux-gnu/11.4.0/lto-wrapper
Target: x86_64-rosa-linux-gnu
Configured with: ../configure --prefix=/usr --libexecdir=/usr/libexec --libdir=/usr/lib64 --with-slibdir=/lib64 --mandir=/usr/share/man --infodir=/usr/share/info --disable-isl-version-check --disable-libssp --disable-werror --enable-__cxa_atexit --enable-gold=default --with-plugin-ld=/usr/bin/x86_64-rosa-linux-gnu-ld --enable-bootstrap --enable-checking=release --enable-gnu-unique-object --with-default-libstdcxx-abi=gcc4-compatible --enable-gnu-indirect-function --with-linker-hash-style=gnu --enable-languages=c,ada,c++,d,fortran,go,lto,objc,obj-c++ --enable-linker-build-id --enable-plugin --enable-shared --enable-libcc1 --enable-lto --enable-libatomic --enable-threads=posix --enable-shared --enable-static --with-system-zlib --with-bugurl=http://bugzilla.rosalinux.ru --host=x86_64-rosa-linux-gnu --build=x86_64-rosa-linux-gnu --with-cpu=generic --with-arch_32=i686 --with-multilib-list=m32,m64,mx32 --with-multilib-list=m64,m32
Thread model: posix
Supported LTO compression algorithms: zlib
gcc version 11.4.0 20230528 (ROSA) (GCC) 
COMPILER_PATH=/usr/libexec/gcc/x86_64-rosa-linux-gnu/11.4.0/:/usr/libexec/gcc/x86_64-rosa-linux-gnu/11.4.0/:/usr/libexec/gcc/x86_64-rosa-linux-gnu/:/usr/lib64/gcc/x86_64-rosa-linux-gnu/11.4.0/:/usr/lib64/gcc/x86_64-rosa-linux-gnu/:/usr/lib64/gcc/x86_64-rosa-linux-gnu/11.4.0/../../../../x86_64-rosa-linux-gnu/bin/
LIBRARY_PATH=/usr/lib64/gcc/x86_64-rosa-linux-gnu/11.4.0/:/usr/lib64/gcc/x86_64-rosa-linux-gnu/11.4.0/../../../../lib64/:/lib/../lib64/:/usr/lib/../lib64/:/usr/lib64/gcc/x86_64-rosa-linux-gnu/11.4.0/../../../../x86_64-rosa-linux-gnu/lib/:/usr/lib64/gcc/x86_64-rosa-linux-gnu/11.4.0/../../../:/lib/:/usr/lib/
COLLECT_GCC_OPTIONS='-v' '-rdynamic' '-o' 'cmTC_bfc33' '-shared-libgcc' '-mtune=generic' '-march=x86-64' '-dumpdir' 'cmTC_bfc33.'
 /usr/libexec/gcc/x86_64-rosa-linux-gnu/11.4.0/collect2 -plugin /usr/libexec/gcc/x86_64-rosa-linux-gnu/11.4.0/liblto_plugin.so -plugin-opt=/usr/libexec/gcc/x86_64-rosa-linux-gnu/11.4.0/lto-wrapper -plugin-opt=-fresolution=/tmp/cclUC7lv.res -plugin-opt=-pass-through=-lgcc_s -plugin-opt=-pass-through=-lgcc -plugin-opt=-pass-through=-lc -plugin-opt=-pass-through=-lgcc_s -plugin-opt=-pass-through=-lgcc --build-id --eh-frame-hdr --hash-style=gnu -m elf_x86_64 -export-dynamic -dynamic-linker /lib64/ld-linux-x86-64.so.2 -o cmTC_bfc33 /usr/lib64/gcc/x86_64-rosa-linux-gnu/11.4.0/../../../../lib64/crt1.o /usr/lib64/gcc/x86_64-rosa-linux-gnu/11.4.0/../../../../lib64/crti.o /usr/lib64/gcc/x86_64-rosa-linux-gnu/11.4.0/crtbegin.o -L/usr/lib64/gcc/x86_64-rosa-linux-gnu/11.4.0 -L/usr/lib64/gcc/x86_64-rosa-linux-gnu/11.4.0/../../../../lib64 -L/lib/../lib64 -L/usr/lib/../lib64 -L/usr/lib64/gcc/x86_64-rosa-linux-gnu/11.4.0/../../../../x86_64-rosa-linux-gnu/lib -L/usr/lib64/gcc/x86_64-rosa-linux-gnu/11.4.0/../../.. CMakeFiles/cmTC_bfc33.dir/CMakeCXXCompilerABI.cpp.o -lstdc++ -lm -lgcc_s -lgcc -lc -lgcc_s -lgcc /usr/lib64/gcc/x86_64-rosa-linux-gnu/11.4.0/crtend.o /usr/lib64/gcc/x86_64-rosa-linux-gnu/11.4.0/../../../../lib64/crtn.o
COLLECT_GCC_OPTIONS='-v' '-rdynamic' '-o' 'cmTC_bfc33' '-shared-libgcc' '-mtune=generic' '-march=x86-64' '-dumpdir' 'cmTC_bfc33.'



Parsed CXX implicit include dir info from above output: rv=done
  found start of include info
  found start of implicit include info
    add: [/usr/lib64/gcc/x86_64-rosa-linux-gnu/11.4.0/../../../../include/c++/11.4.0]
    add: [/usr/lib64/gcc/x86_64-rosa-linux-gnu/11.4.0/../../../../include/c++/11.4.0/x86_64-rosa-linux-gnu]
    add: [/usr/lib64/gcc/x86_64-rosa-linux-gnu/11.4.0/../../../../include/c++/11.4.0/backward]
    add: [/usr/lib64/gcc/x86_64-rosa-linux-gnu/11.4.0/include]
    add: [/usr/local/include]
    add: [/usr/include]
  end of search list found
  collapse include dir [/usr/lib64/gcc/x86_64-rosa-linux-gnu/11.4.0/../../../../include/c++/11.4.0] ==> [/usr/include/c++/11.4.0]
  collapse include dir [/usr/lib64/gcc/x86_64-rosa-linux-gnu/11.4.0/../../../../include/c++/11.4.0/x86_64-rosa-linux-gnu] ==> [/usr/include/c++/11.4.0/x86_64-rosa-linux-gnu]
  collapse include dir [/usr/lib64/gcc/x86_64-rosa-linux-gnu/11.4.0/../../../../include/c++/11.4.0/backward] ==> [/usr/include/c++/11.4.0/backward]
  collapse include dir [/usr/lib64/gcc/x86_64-rosa-linux-gnu/11.4.0/include] ==> [/usr/lib64/gcc/x86_64-rosa-linux-gnu/11.4.0/include]
  collapse include dir [/usr/local/include] ==> [/usr/local/include]
  collapse include dir [/usr/include] ==> [/usr/include]
  implicit include dirs: [/usr/include/c++/11.4.0;/usr/include/c++/11.4.0/x86_64-rosa-linux-gnu;/usr/include/c++/11.4.0/backward;/usr/lib64/gcc/x86_64-rosa-linux-gnu/11.4.0/include;/usr/local/include;/usr/include]


Parsed CXX implicit link information from above output:
  link line regex: [^( *|.*[/\])(ld|CMAKE_LINK_STARTFILE-NOTFOUND|([^/\]+-)?ld|collect2)[^/\]*( |$)]
  ignore line: [Change Dir: /home/Artem/vscode/samotlor-quest-tgbot/build/CMakeFiles/CMakeTmp]
  ignore line: []
  ignore line: [Run Build Command(s):/usr/bin/ninja cmTC_bfc33 && [1/2] Building CXX object CMakeFiles/cmTC_bfc33.dir/CMakeCXXCompilerABI.cpp.o]
  ignore line: [Using built-in specs.]
  ignore line: [COLLECT_GCC=/usr/bin/g++]
  ignore line: [Target: x86_64-rosa-linux-gnu]
  ignore line: [Configured with: ../configure --prefix=/usr --libexecdir=/usr/libexec --libdir=/usr/lib64 --with-slibdir=/lib64 --mandir=/usr/share/man --infodir=/usr/share/info --disable-isl-version-check --disable-libssp --disable-werror --enable-__cxa_atexit --enable-gold=default --with-plugin-ld=/usr/bin/x86_64-rosa-linux-gnu-ld --enable-bootstrap --enable-checking=release --enable-gnu-unique-object --with-default-libstdcxx-abi=gcc4-compatible --enable-gnu-indirect-function --with-linker-hash-style=gnu --enable-languages=c,ada,c++,d,fortran,go,lto,objc,obj-c++ --enable-linker-build-id --enable-plugin --enable-shared --enable-libcc1 --enable-lto --enable-libatomic --enable-threads=posix --enable-shared --enable-static --with-system-zlib --with-bugurl=http://bugzilla.rosalinux.ru --host=x86_64-rosa-linux-gnu --build=x86_64-rosa-linux-gnu --with-cpu=generic --with-arch_32=i686 --with-multilib-list=m32,m64,mx32 --with-multilib-list=m64,m32]
  ignore line: [Thread model: posix]
  ignore line: [Supported LTO compression algorithms: zlib]
  ignore line: [gcc version 11.4.0 20230528 (ROSA) (GCC) ]
  ignore line: [COLLECT_GCC_OPTIONS='-v' '-o' 'CMakeFiles/cmTC_bfc33.dir/CMakeCXXCompilerABI.cpp.o' '-c' '-shared-libgcc' '-mtune=generic' '-march=x86-64' '-dumpdir' 'CMakeFiles/cmTC_bfc33.dir/']
  ignore line: [ /usr/libexec/gcc/x86_64-rosa-linux-gnu/11.4.0/cc1plus -quiet -v -D_GNU_SOURCE /usr/share/cmake/Modules/CMakeCXXCompilerABI.cpp -quiet -dumpdir CMakeFiles/cmTC_bfc33.dir/ -dumpbase CMakeCXXCompilerABI.cpp.cpp -dumpbase-ext .cpp -mtune=generic -march=x86-64 -version -o /tmp/ccR7W0OH.s]
  ignore line: [GNU C++17 (GCC) version 11.4.0 20230528 (ROSA) (x86_64-rosa-linux-gnu)]
  ignore line: [	compiled by GNU C version 11.4.0 20230528 (ROSA)  GMP version 6.2.1  MPFR version 4.1.0-p13  MPC version 1.3.1  isl version isl-0.24-GMP]
  ignore line: []
  ignore line: [GGC heuristics: --param ggc-min-expand=100 --param ggc-min-heapsize=131072]
  ignore line: [ignoring nonexistent directory "/usr/lib64/gcc/x86_64-rosa-linux-gnu/11.4.0/include-fixed"]
  ignore line: [ignoring nonexistent directory "/usr/lib64/gcc/x86_64-rosa-linux-gnu/11.4.0/../../../../x86_64-rosa-linux-gnu/include"]
  ignore line: [#include "..." search starts here:]
  ignore line: [#include <...> search starts here:]
  ignore line: [ /usr/lib64/gcc/x86_64-rosa-linux-gnu/11.4.0/../../../../include/c++/11.4.0]
  ignore line: [ /usr/lib64/gcc/x86_64-rosa-linux-gnu/11.4.0/../../../../include/c++/11.4.0/x86_64-rosa-linux-gnu]
  ignore line: [ /usr/lib64/gcc/x86_64-rosa-linux-gnu/11.4.0/../../../../include/c++/11.4.0/backward]
  ignore line: [ /usr/lib64/gcc/x86_64-rosa-linux-gnu/11.4.0/include]
  ignore line: [ /usr/local/include]
  ignore line: [ /usr/include]
  ignore line: [End of search list.]
  ignore line: [GNU C++17 (GCC) version 11.4.0 20230528 (ROSA) (x86_64-rosa-linux-gnu)]
  ignore line: [	compiled by GNU C version 11.4.0 20230528 (ROSA)  GMP version 6.2.1  MPFR version 4.1.0-p13  MPC version 1.3.1  isl version isl-0.24-GMP]
  ignore line: []
  ignore line: [GGC heuristics: --param ggc-min-expand=100 --param ggc-min-heapsize=131072]
  ignore line: [Compiler executable checksum: 5ebb9da6dd6c4e284019ac554ef50a58]
  ignore line: [COLLECT_GCC_OPTIONS='-v' '-o' 'CMakeFiles/cmTC_bfc33.dir/CMakeCXXCompilerABI.cpp.o' '-c' '-shared-libgcc' '-mtune=generic' '-march=x86-64' '-dumpdir' 'CMakeFiles/cmTC_bfc33.dir/']
  ignore line: [ /usr/lib64/gcc/x86_64-rosa-linux-gnu/11.4.0/../../../../x86_64-rosa-linux-gnu/bin/as -v --64 -o CMakeFiles/cmTC_bfc33.dir/CMakeCXXCompilerABI.cpp.o /tmp/ccR7W0OH.s]
  ignore line: [GNU assembler version 2.38 (x86_64-rosa-linux-gnu) using BFD version (GNU Binutils) 2.38]
  ignore line: [COMPILER_PATH=/usr/libexec/gcc/x86_64-rosa-linux-gnu/11.4.0/:/usr/libexec/gcc/x86_64-rosa-linux-gnu/11.4.0/:/usr/libexec/gcc/x86_64-rosa-linux-gnu/:/usr/lib64/gcc/x86_64-rosa-linux-gnu/11.4.0/:/usr/lib64/gcc/x86_64-rosa-linux-gnu/:/usr/lib64/gcc/x86_64-rosa-linux-gnu/11.4.0/../../../../x86_64-rosa-linux-gnu/bin/]
  ignore line: [LIBRARY_PATH=/usr/lib64/gcc/x86_64-rosa-linux-gnu/11.4.0/:/usr/lib64/gcc/x86_64-rosa-linux-gnu/11.4.0/../../../../lib64/:/lib/../lib64/:/usr/lib/../lib64/:/usr/lib64/gcc/x86_64-rosa-linux-gnu/11.4.0/../../../../x86_64-rosa-linux-gnu/lib/:/usr/lib64/gcc/x86_64-rosa-linux-gnu/11.4.0/../../../:/lib/:/usr/lib/]
  ignore line: [COLLECT_GCC_OPTIONS='-v' '-o' 'CMakeFiles/cmTC_bfc33.dir/CMakeCXXCompilerABI.cpp.o' '-c' '-shared-libgcc' '-mtune=generic' '-march=x86-64' '-dumpdir' 'CMakeFiles/cmTC_bfc33.dir/CMakeCXXCompilerABI.cpp.']
  ignore line: [[2/2] Linking CXX executable cmTC_bfc33]
  ignore line: [Using built-in specs.]
  ignore line: [COLLECT_GCC=/usr/bin/g++]
  ignore line: [COLLECT_LTO_WRAPPER=/usr/libexec/gcc/x86_64-rosa-linux-gnu/11.4.0/lto-wrapper]
  ignore line: [Target: x86_64-rosa-linux-gnu]
  ignore line: [Configured with: ../configure --prefix=/usr --libexecdir=/usr/libexec --libdir=/usr/lib64 --with-slibdir=/lib64 --mandir=/usr/share/man --infodir=/usr/share/info --disable-isl-version-check --disable-libssp --disable-werror --enable-__cxa_atexit --enable-gold=default --with-plugin-ld=/usr/bin/x86_64-rosa-linux-gnu-ld --enable-bootstrap --enable-checking=release --enable-gnu-unique-object --with-default-libstdcxx-abi=gcc4-compatible --enable-gnu-indirect-function --with-linker-hash-style=gnu --enable-languages=c,ada,c++,d,fortran,go,lto,objc,obj-c++ --enable-linker-build-id --enable-plugin --enable-shared --enable-libcc1 --enable-lto --enable-libatomic --enable-threads=posix --enable-shared --enable-static --with-system-zlib --with-bugurl=http://bugzilla.rosalinux.ru --host=x86_64-rosa-linux-gnu --build=x86_64-rosa-linux-gnu --with-cpu=generic --with-arch_32=i686 --with-multilib-list=m32,m64,mx32 --with-multilib-list=m64,m32]
  ignore line: [Thread model: posix]
  ignore line: [Supported LTO compression algorithms: zlib]
  ignore line: [gcc version 11.4.0 20230528 (ROSA) (GCC) ]
  ignore line: [COMPILER_PATH=/usr/libexec/gcc/x86_64-rosa-linux-gnu/11.4.0/:/usr/libexec/gcc/x86_64-rosa-linux-gnu/11.4.0/:/usr/libexec/gcc/x86_64-rosa-linux-gnu/:/usr/lib64/gcc/x86_64-rosa-linux-gnu/11.4.0/:/usr/lib64/gcc/x86_64-rosa-linux-gnu/:/usr/lib64/gcc/x86_64-rosa-linux-gnu/11.4.0/../../../../x86_64-rosa-linux-gnu/bin/]
  ignore line: [LIBRARY_PATH=/usr/lib64/gcc/x86_64-rosa-linux-gnu/11.4.0/:/usr/lib64/gcc/x86_64-rosa-linux-gnu/11.4.0/../../../../lib64/:/lib/../lib64/:/usr/lib/../lib64/:/usr/lib64/gcc/x86_64-rosa-linux-gnu/11.4.0/../../../../x86_64-rosa-linux-gnu/lib/:/usr/lib64/gcc/x86_64-rosa-linux-gnu/11.4.0/../../../:/lib/:/usr/lib/]
  ignore line: [COLLECT_GCC_OPTIONS='-v' '-rdynamic' '-o' 'cmTC_bfc33' '-shared-libgcc' '-mtune=generic' '-march=x86-64' '-dumpdir' 'cmTC_bfc33.']
  link line: [ /usr/libexec/gcc/x86_64-rosa-linux-gnu/11.4.0/collect2 -plugin /usr/libexec/gcc/x86_64-rosa-linux-gnu/11.4.0/liblto_plugin.so -plugin-opt=/usr/libexec/gcc/x86_64-rosa-linux-gnu/11.4.0/lto-wrapper -plugin-opt=-fresolution=/tmp/cclUC7lv.res -plugin-opt=-pass-through=-lgcc_s -plugin-opt=-pass-through=-lgcc -plugin-opt=-pass-through=-lc -plugin-opt=-pass-through=-lgcc_s -plugin-opt=-pass-through=-lgcc --build-id --eh-frame-hdr --hash-style=gnu -m elf_x86_64 -export-dynamic -dynamic-linker /lib64/ld-linux-x86-64.so.2 -o cmTC_bfc33 /usr/lib64/gcc/x86_64-rosa-linux-gnu/11.4.0/../../../../lib64/crt1.o /usr/lib64/gcc/x86_64-rosa-linux-gnu/11.4.0/../../../../lib64/crti.o /usr/lib64/gcc/x86_64-rosa-linux-gnu/11.4.0/crtbegin.o -L/usr/lib64/gcc/x86_64-rosa-linux-gnu/11.4.0 -L/usr/lib64/gcc/x86_64-rosa-linux-gnu/11.4.0/../../../../lib64 -L/lib/../lib64 -L/usr/lib/../lib64 -L/usr/lib64/gcc/x86_64-rosa-linux-gnu/11.4.0/../../../../x86_64-rosa-linux-gnu/lib -L/usr/lib64/gcc/x86_64-rosa-linux-gnu/11.4.0/../../.. CMakeFiles/cmTC_bfc33.dir/CMakeCXXCompilerABI.cpp.o -lstdc++ -lm -lgcc_s -lgcc -lc -lgcc_s -lgcc /usr/lib64/gcc/x86_64-rosa-linux-gnu/11.4.0/crtend.o /usr/lib64/gcc/x86_64-rosa-linux-gnu/11.4.0/../../../../lib64/crtn.o]
    arg [/usr/libexec/gcc/x86_64-rosa-linux-gnu/11.4.0/collect2] ==> ignore
    arg [-plugin] ==> ignore
    arg [/usr/libexec/gcc/x86_64-rosa-linux-gnu/11.4.0/liblto_plugin.so] ==> ignore
    arg [-plugin-opt=/usr/libexec/gcc/x86_64-rosa-linux-gnu/11.4.0/lto-wrapper] ==> ignore
    arg [-plugin-opt=-fresolution=/tmp/cclUC7lv.res] ==> ignore
    arg [-plugin-opt=-pass-through=-lgcc_s] ==> ignore
    arg [-plugin-opt=-pass-through=-lgcc] ==> ignore
    arg [-plugin-opt=-pass-through=-lc] ==> ignore
    arg [-plugin-opt=-pass-through=-lgcc_s] ==> ignore
    arg [-plugin-opt=-pass-through=-lgcc] ==> ignore
    arg [--build-id] ==> ignore
    arg [--eh-frame-hdr] ==> ignore
    arg [--hash-style=gnu] ==> ignore
    arg [-m] ==> ignore
    arg [elf_x86_64] ==> ignore
    arg [-export-dynamic] ==> ignore
    arg [-dynamic-linker] ==> ignore
    arg [/lib64/ld-linux-x86-64.so.2] ==> ignore
    arg [-o] ==> ignore
    arg [cmTC_bfc33] ==> ignore
    arg [/usr/lib64/gcc/x86_64-rosa-linux-gnu/11.4.0/../../../../lib64/crt1.o] ==> obj [/usr/lib64/gcc/x86_64-rosa-linux-gnu/11.4.0/../../../../lib64/crt1.o]
    arg [/usr/lib64/gcc/x86_64-rosa-linux-gnu/11.4.0/../../../../lib64/crti.o] ==> obj [/usr/lib64/gcc/x86_64-rosa-linux-gnu/11.4.0/../../../../lib64/crti.o]
    arg [/usr/lib64/gcc/x86_64-rosa-linux-gnu/11.4.0/crtbegin.o] ==> obj [/usr/lib64/gcc/x86_64-rosa-linux-gnu/11.4.0/crtbegin.o]
    arg [-L/usr/lib64/gcc/x86_64-rosa-linux-gnu/11.4.0] ==> dir [/usr/lib64/gcc/x86_64-rosa-linux-gnu/11.4.0]
    arg [-L/usr/lib64/gcc/x86_64-rosa-linux-gnu/11.4.0/../../../../lib64] ==> dir [/usr/lib64/gcc/x86_64-rosa-linux-gnu/11.4.0/../../../../lib64]
    arg [-L/lib/../lib64] ==> dir [/lib/../lib64]
    arg [-L/usr/lib/../lib64] ==> dir [/usr/lib/../lib64]
    arg [-L/usr/lib64/gcc/x86_64-rosa-linux-gnu/11.4.0/../../../../x86_64-rosa-linux-gnu/lib] ==> dir [/usr/lib64/gcc/x86_64-rosa-linux-gnu/11.4.0/../../../../x86_64-rosa-linux-gnu/lib]
    arg [-L/usr/lib64/gcc/x86_64-rosa-linux-gnu/11.4.0/../../..] ==> dir [/usr/lib64/gcc/x86_64-rosa-linux-gnu/11.4.0/../../..]
    arg [CMakeFiles/cmTC_bfc33.dir/CMakeCXXCompilerABI.cpp.o] ==> ignore
    arg [-lstdc++] ==> lib [stdc++]
    arg [-lm] ==> lib [m]
    arg [-lgcc_s] ==> lib [gcc_s]
    arg [-lgcc] ==> lib [gcc]
    arg [-lc] ==> lib [c]
    arg [-lgcc_s] ==> lib [gcc_s]
    arg [-lgcc] ==> lib [gcc]
    arg [/usr/lib64/gcc/x86_64-rosa-linux-gnu/11.4.0/crtend.o] ==> obj [/usr/lib64/gcc/x86_64-rosa-linux-gnu/11.4.0/crtend.o]
    arg [/usr/lib64/gcc/x86_64-rosa-linux-gnu/11.4.0/../../../../lib64/crtn.o] ==> obj [/usr/lib64/gcc/x86_64-rosa-linux-gnu/11.4.0/../../../../lib64/crtn.o]
  collapse obj [/usr/lib64/gcc/x86_64-rosa-linux-gnu/11.4.0/../../../../lib64/crt1.o] ==> [/usr/lib64/crt1.o]
  collapse obj [/usr/lib64/gcc/x86_64-rosa-linux-gnu/11.4.0/../../../../lib64/crti.o] ==> [/usr/lib64/crti.o]
  collapse obj [/usr/lib64/gcc/x86_64-rosa-linux-gnu/11.4.0/../../../../lib64/crtn.o] ==> [/usr/lib64/crtn.o]
  collapse library dir [/usr/lib64/gcc/x86_64-rosa-linux-gnu/11.4.0] ==> [/usr/lib64/gcc/x86_64-rosa-linux-gnu/11.4.0]
  collapse library dir [/usr/lib64/gcc/x86_64-rosa-linux-gnu/11.4.0/../../../../lib64] ==> [/usr/lib64]
  collapse library dir [/lib/../lib64] ==> [/lib64]
  collapse library dir [/usr/lib/../lib64] ==> [/usr/lib64]
  collapse library dir [/usr/lib64/gcc/x86_64-rosa-linux-gnu/11.4.0/../../../../x86_64-rosa-linux-gnu/lib] ==> [/usr/x86_64-rosa-linux-gnu/lib]
  collapse library dir [/usr/lib64/gcc/x86_64-rosa-linux-gnu/11.4.0/../../..] ==> [/usr/lib64]
  implicit libs: [stdc++;m;gcc_s;gcc;c;gcc_s;gcc]
  implicit objs: [/usr/lib64/crt1.o;/usr/lib64/crti.o;/usr/lib64/gcc/x86_64-rosa-linux-gnu/11.4.0/crtbegin.o;/usr/lib64/gcc/x86_64-rosa-linux-gnu/11.4.0/crtend.o;/usr/lib64/crtn.o]
  implicit dirs: [/usr/lib64/gcc/x86_64-rosa-linux-gnu/11.4.0;/usr/lib64;/lib64;/usr/x86_64-rosa-linux-gnu/lib]
  implicit fwks: []


Determining if the include file pthread.h exists passed with the following output:
Change Dir: /home/Artem/vscode/samotlor-quest-tgbot/build/CMakeFiles/CMakeTmp

Run Build Command(s):/usr/bin/ninja cmTC_299ff && [1/2] Building C object CMakeFiles/cmTC_299ff.dir/CheckIncludeFile.c.o
[2/2] Linking C executable cmTC_299ff



Determining if the function pthread_create exists in the pthread passed with the following output:
Change Dir: /home/Artem/vscode/samotlor-quest-tgbot/build/CMakeFiles/CMakeTmp

Run Build Command(s):/usr/bin/ninja cmTC_b2965 && [1/2] Building C object CMakeFiles/cmTC_b2965.dir/CheckFunctionExists.c.o
[2/2] Linking C executable cmTC_b2965



