Performing C SOURCE FILE Test CMAKE_HAVE_LIBC_PTHREAD failed with the following output:
Change Dir: /home/Artem/vscode/samotlor-quest-tgbot/build/CMakeFiles/CMakeTmp

Run Build Command(s):/usr/bin/ninja cmTC_5b0ea && [1/2] Building C object CMakeFiles/cmTC_5b0ea.dir/src.c.o
[2/2] Linking C executable cmTC_5b0ea
FAILED: cmTC_5b0ea 
: && /usr/bin/gcc   CMakeFiles/cmTC_5b0ea.dir/src.c.o -o cmTC_5b0ea   && :
/usr/bin/x86_64-rosa-linux-gnu-ld: CMakeFiles/cmTC_5b0ea.dir/src.c.o: в функции «main»:
src.c:(.text+0x2d): неопределённая ссылка на «pthread_create»
/usr/bin/x86_64-rosa-linux-gnu-ld: src.c:(.text+0x39): неопределённая ссылка на «pthread_detach»
/usr/bin/x86_64-rosa-linux-gnu-ld: src.c:(.text+0x45): неопределённая ссылка на «pthread_cancel»
/usr/bin/x86_64-rosa-linux-gnu-ld: src.c:(.text+0x56): неопределённая ссылка на «pthread_join»
collect2: ошибка: выполнение ld завершилось с кодом возврата 1
ninja: build stopped: subcommand failed.


Source file was:
#include <pthread.h>

static void* test_func(void* data)
{
  return data;
}

int main(void)
{
  pthread_t thread;
  pthread_create(&thread, NULL, test_func, NULL);
  pthread_detach(thread);
  pthread_cancel(thread);
  pthread_join(thread, NULL);
  pthread_atfork(NULL, NULL, NULL);
  pthread_exit(NULL);

  return 0;
}

Determining if the function pthread_create exists in the pthreads failed with the following output:
Change Dir: /home/Artem/vscode/samotlor-quest-tgbot/build/CMakeFiles/CMakeTmp

Run Build Command(s):/usr/bin/ninja cmTC_da9ec && [1/2] Building C object CMakeFiles/cmTC_da9ec.dir/CheckFunctionExists.c.o
[2/2] Linking C executable cmTC_da9ec
FAILED: cmTC_da9ec 
: && /usr/bin/gcc -DCHECK_FUNCTION_EXISTS=pthread_create  CMakeFiles/cmTC_da9ec.dir/CheckFunctionExists.c.o -o cmTC_da9ec  -lpthreads && :
/usr/bin/x86_64-rosa-linux-gnu-ld: невозможно найти -lpthreads: Нет такого файла или каталога
collect2: ошибка: выполнение ld завершилось с кодом возврата 1
ninja: build stopped: subcommand failed.



